app/(auth)/email-verification-pending.tsx(40,9): error TS2322: Type 'number' is not assignable to type 'Timeout'.
app/(auth)/phone-verify-otp.tsx(38,9): error TS2322: Type 'number' is not assignable to type 'Timeout'.
components/PillTabBar.tsx(47,13): error TS2769: No overload matches this call.
  Overload 1 of 2, '(specifics: ({ ios?: { shadowColor: string; shadowOffset: { width: number; height: number; }; shadowOpacity: number; shadowRadius: number; } | undefined; android?: { shadowColor: string; shadowOffset: { ...; }; shadowOpacity: number; shadowRadius: number; } | undefined; macos?: { ...; } | undefined; windows?: { ...; } | undefined; web?: { ...; } | undefined; native?: { ...; } | undefined; } & { ...; }) | { ...; }): { ...; }', gave the following error.
    Type '{ elevation: number; }' is missing the following properties from type '{ shadowColor: string; shadowOffset: { width: number; height: number; }; shadowOpacity: number; shadowRadius: number; }': shadowColor, shadowOffset, shadowOpacity, shadowRadius
  Overload 2 of 2, '(specifics: { ios?: { shadowColor: string; shadowOffset: { width: number; height: number; }; shadowOpacity: number; shadowRadius: number; } | undefined; android?: { shadowColor: string; shadowOffset: { width: number; height: number; }; shadowOpacity: number; shadowRadius: number; } | undefined; macos?: { ...; } | undefined; windows?: { ...; } | undefined; web?: { ...; } | undefined; native?: { ...; } | undefined; }): { ...; } | undefined', gave the following error.
    Object literal may only specify known properties, and 'default' does not exist in type '{ ios?: { shadowColor: string; shadowOffset: { width: number; height: number; }; shadowOpacity: number; shadowRadius: number; } | undefined; android?: { shadowColor: string; shadowOffset: { width: number; height: number; }; shadowOpacity: number; shadowRadius: number; } | undefined; macos?: { ...; } | undefined; win...'.
components/PillTabBar.tsx(89,31): error TS2339: Property 'tabBarTestID' does not exist on type 'BottomTabNavigationOptions'.
services/notifications.ts(9,37): error TS2322: Type 'Promise<{ shouldShowAlert: true; shouldPlaySound: true; shouldSetBadge: false; }>' is not assignable to type 'Promise<NotificationBehavior>'.
  Type '{ shouldShowAlert: true; shouldPlaySound: true; shouldSetBadge: false; }' is missing the following properties from type 'NotificationBehavior': shouldShowBanner, shouldShowList
services/notifications.ts(50,23): error TS2339: Property 'removeNotificationSubscription' does not exist on type 'typeof import("D:/Nutri_tiffin/mobile_app_expo/nutri_customerApp/node_modules/expo-notifications/build/index")'.
services/notifications.ts(51,23): error TS2339: Property 'removeNotificationSubscription' does not exist on type 'typeof import("D:/Nutri_tiffin/mobile_app_expo/nutri_customerApp/node_modules/expo-notifications/build/index")'.
